Syncing source-filestorage (read-only) -> lake ...
Sync complete: 0 new file(s)
Starting insertion of files into ClickHouse...
Populated silver.patients {"read_rows":"6012","read_bytes":"180224","written_rows":"0","written_bytes":"0","total_rows_to_read":"6012","result_rows":"0","result_bytes":"0","elapsed_ns":"13063754","memory_usage":"5004159"}
Populated silver.services {"read_rows":"20","read_bytes":"359","written_rows":"0","written_bytes":"0","total_rows_to_read":"20","result_rows":"0","result_bytes":"0","elapsed_ns":"7801544","memory_usage":"4269471"}
Populated silver.cim10 {"read_rows":"22","read_bytes":"565","written_rows":"0","written_bytes":"0","total_rows_to_read":"22","result_rows":"0","result_bytes":"0","elapsed_ns":"9538921","memory_usage":"4270015"}
Populated silver.sejours {"read_rows":"20884","read_bytes":"1126904","written_rows":"0","written_bytes":"0","total_rows_to_read":"20884","result_rows":"0","result_bytes":"0","elapsed_ns":"21500221","memory_usage":"6450341"}
Populated silver.monitoring {"read_rows":"12","read_bytes":"224","written_rows":"0","written_bytes":"0","total_rows_to_read":"12","result_rows":"0","result_bytes":"0","elapsed_ns":"7491407","memory_usage":"4247815"}
Populated silver.diagnostic {"read_rows":"37402","read_bytes":"1076904","written_rows":"0","written_bytes":"0","total_rows_to_read":"37402","result_rows":"0","result_bytes":"0","elapsed_ns":"26451426","memory_usage":"11527929"}
Populated gold.dim_patient {"read_rows":"12012","read_bytes":"427250","written_rows":"0","written_bytes":"0","total_rows_to_read":"12012","result_rows":"0","result_bytes":"0","elapsed_ns":"12923697","memory_usage":"5501119"}
Populated gold.dim_service {"read_rows":"28","read_bytes":"526","written_rows":"0","written_bytes":"0","total_rows_to_read":"28","result_rows":"0","result_bytes":"0","elapsed_ns":"8233940","memory_usage":"4206295"}
Populated gold.dim_cim10 {"read_rows":"32","read_bytes":"946","written_rows":"0","written_bytes":"0","total_rows_to_read":"32","result_rows":"0","result_bytes":"0","elapsed_ns":"14680944","memory_usage":"4205399"}
Populated gold.fact_sejours {"read_rows":"29740","read_bytes":"1503367","written_rows":"0","written_bytes":"0","total_rows_to_read":"29740","result_rows":"0","result_bytes":"0","elapsed_ns":"26344636","memory_usage":"6729234"}
Populated gold.fact_monitoring {"read_rows":"12","read_bytes":"224","written_rows":"0","written_bytes":"0","total_rows_to_read":"12","result_rows":"0","result_bytes":"0","elapsed_ns":"14018341","memory_usage":"4314367"}
Populated gold.fact_diagnostics {"read_rows":"74432","read_bytes":"3297257","written_rows":"0","written_bytes":"0","total_rows_to_read":"74432","result_rows":"0","result_bytes":"0","elapsed_ns":"108407151","memory_usage":"13138044"}
[2026-09-01T10:05:01] Starting sync-to-lake.py
[2026-09-01T10:05:01] Done sync-to-lake.py
[2026-09-01T10:05:01] Starting insert-to-bronze.py
[2026-09-01T10:05:01] Done insert-to-bronze.py
[2026-09-01T10:05:01] Starting insert-to-silver.py
[2026-09-01T10:05:02] Done insert-to-silver.py
[2026-09-01T10:05:02] Starting insert-to-gold.py
[2026-09-01T10:05:02] Done insert-to-gold.py
[2026-09-01T10:05:02] Pipeline complete
Syncing source-filestorage (read-only) -> lake ...
Sync complete: 0 new file(s)
Starting insertion of files into ClickHouse...
Populated silver.patients {"read_rows":"6012","read_bytes":"180224","written_rows":"0","written_bytes":"0","total_rows_to_read":"6012","result_rows":"0","result_bytes":"0","elapsed_ns":"11352489","memory_usage":"5007055"}
Populated silver.services {"read_rows":"20","read_bytes":"359","written_rows":"0","written_bytes":"0","total_rows_to_read":"20","result_rows":"0","result_bytes":"0","elapsed_ns":"7939248","memory_usage":"4272511"}
Populated silver.cim10 {"read_rows":"22","read_bytes":"565","written_rows":"0","written_bytes":"0","total_rows_to_read":"22","result_rows":"0","result_bytes":"0","elapsed_ns":"7984661","memory_usage":"4272607"}
Populated silver.sejours {"read_rows":"20884","read_bytes":"1126904","written_rows":"0","written_bytes":"0","total_rows_to_read":"20884","result_rows":"0","result_bytes":"0","elapsed_ns":"31989451","memory_usage":"6441029"}
Populated silver.monitoring {"read_rows":"12","read_bytes":"224","written_rows":"0","written_bytes":"0","total_rows_to_read":"12","result_rows":"0","result_bytes":"0","elapsed_ns":"8452702","memory_usage":"4242471"}
Populated silver.diagnostic {"read_rows":"37402","read_bytes":"1076904","written_rows":"0","written_bytes":"0","total_rows_to_read":"37402","result_rows":"0","result_bytes":"0","elapsed_ns":"27579742","memory_usage":"11531849"}
Populated gold.dim_patient {"read_rows":"12012","read_bytes":"427250","written_rows":"0","written_bytes":"0","total_rows_to_read":"12012","result_rows":"0","result_bytes":"0","elapsed_ns":"15053875","memory_usage":"5504927"}
Populated gold.dim_service {"read_rows":"28","read_bytes":"526","written_rows":"0","written_bytes":"0","total_rows_to_read":"28","result_rows":"0","result_bytes":"0","elapsed_ns":"7236387","memory_usage":"4208887"}
Populated gold.dim_cim10 {"read_rows":"32","read_bytes":"946","written_rows":"0","written_bytes":"0","total_rows_to_read":"32","result_rows":"0","result_bytes":"0","elapsed_ns":"7038695","memory_usage":"4200615"}
Populated gold.fact_sejours {"read_rows":"29740","read_bytes":"1503367","written_rows":"0","written_bytes":"0","total_rows_to_read":"29740","result_rows":"0","result_bytes":"0","elapsed_ns":"28073884","memory_usage":"6721538"}
Populated gold.fact_monitoring {"read_rows":"12","read_bytes":"224","written_rows":"0","written_bytes":"0","total_rows_to_read":"12","result_rows":"0","result_bytes":"0","elapsed_ns":"9140911","memory_usage":"4319647"}
Populated gold.fact_diagnostics {"read_rows":"74432","read_bytes":"3297257","written_rows":"0","written_bytes":"0","total_rows_to_read":"74432","result_rows":"0","result_bytes":"0","elapsed_ns":"36988240","memory_usage":"13141340"}
[2026-09-01T10:06:02] Starting sync-to-lake.py
[2026-09-01T10:06:02] Done sync-to-lake.py
[2026-09-01T10:06:02] Starting insert-to-bronze.py
[2026-09-01T10:06:02] Done insert-to-bronze.py
[2026-09-01T10:06:02] Starting insert-to-silver.py
[2026-09-01T10:06:02] Done insert-to-silver.py
[2026-09-01T10:06:02] Starting insert-to-gold.py
[2026-09-01T10:06:03] Done insert-to-gold.py
[2026-09-01T10:06:03] Pipeline complete
